
> web-client@0.1.0 build
> next build --webpack

▲ Next.js 16.1.6 (webpack)

  Creating an optimized production build ...
 ✓ (pwa) Compiling for server...
 ✓ (pwa) Compiling for server...
 ✓ (pwa) Compiling for client (static)...
 ○ (pwa) Service worker: /home/gie/workspace/mosque-digital-clock/apps/web-client/public/sw.js
 ○ (pwa)   URL: /sw.js
 ○ (pwa)   Scope: /
✓ Compiled successfully in 6.7s
  Running TypeScript ...
  Collecting page data using 7 workers ...
  Generating static pages using 7 workers (0/4) ...
  Generating static pages using 7 workers (1/4) 
  Generating static pages using 7 workers (2/4) 
  Generating static pages using 7 workers (3/4) 
✓ Generating static pages using 7 workers (4/4) in 478.9ms
  Finalizing page optimization ...
  Collecting build traces ...

Route (app)
┌ ○ /
├ ○ /_not-found
└ ƒ /api/metrics


○  (Static)   prerendered as static content
ƒ  (Dynamic)  server-rendered on demand

